#-----------------------------------------------------------
# Vivado v2019.1 (64-bit)
# SW Build 2552052 on Fri May 24 14:49:42 MDT 2019
# IP Build 2548770 on Fri May 24 18:01:18 MDT 2019
# Start of session at: Wed Mar 24 18:34:34 2021
# Process ID: 15608
# Current directory: C:/Users/611B/Desktop/2021/project_1
# Command line: vivado.exe -gui_launcher_event rodinguilauncherevent88 C:\Users\611B\Desktop\2021\project_1\project_1.xpr
# Log file: C:/Users/611B/Desktop/2021/project_1/vivado.log
# Journal file: C:/Users/611B/Desktop/2021/project_1\vivado.jou
#-----------------------------------------------------------
start_gui
open_project C:/Users/611B/Desktop/2021/project_1/project_1.xpr
update_compile_order -fileset sources_1
launch_simulation
source testfixture.tcl
relaunch_sim
run 1000 ns
relaunch_sim
run 1000 ns
relaunch_sim
run 1000 ns
relaunch_sim
run 1000 ns
relaunch_sim
run 1000 ns
relaunch_sim
run 1000 ns
relaunch_sim
run 1000 ns
relaunch_sim
run 1000 ns
run 1000 ns
relaunch_sim
relaunch_sim
run 1000 ns
relaunch_sim
run 1000 ns
relaunch_sim
relaunch_sim
run 1000 ns
close_sim
