#-----------------------------------------------------------
# Vivado v2019.1 (64-bit)
# SW Build 2552052 on Fri May 24 14:49:42 MDT 2019
# IP Build 2548770 on Fri May 24 18:01:18 MDT 2019
# Start of session at: Thu Dec 24 13:37:45 2020
# Process ID: 14272
# Current directory: C:/Users/611B/Desktop/1/project_2014
# Command line: vivado.exe -gui_launcher_event rodinguilauncherevent13272 C:\Users\611B\Desktop\1\project_2014\project_2014.xpr
# Log file: C:/Users/611B/Desktop/1/project_2014/vivado.log
# Journal file: C:/Users/611B/Desktop/1/project_2014\vivado.jou
#-----------------------------------------------------------
start_gui
open_project C:/Users/611B/Desktop/1/project_2014/project_2014.xpr
update_compile_order -fileset sources_1
launch_simulation
source testfixture1.tcl
relaunch_sim
relaunch_sim
relaunch_sim
relaunch_sim
relaunch_sim
relaunch_sim
relaunch_sim
relaunch_sim
relaunch_sim
relaunch_sim
relaunch_sim
relaunch_sim
relaunch_sim
relaunch_sim
relaunch_sim
relaunch_sim
reset_run synth_1
synth_design -rtl -name rtl_1
launch_runs synth_1 -jobs 4
wait_on_run synth_1
launch_runs impl_1 -jobs 4
wait_on_run impl_1
relaunch_sim
relaunch_sim
relaunch_sim
relaunch_sim
relaunch_sim
close_sim
launch_simulation
source testfixture1.tcl
reset_run synth_1
launch_runs synth_1 -jobs 4
wait_on_run synth_1
close_sim
close_design
launch_simulation
source testfixture1.tcl
relaunch_sim
relaunch_sim
close_sim
launch_simulation
source testfixture1.tcl
run 50 us
run 50 us
relaunch_sim
relaunch_sim
relaunch_sim
run 10 us
run 10 us
run 10 us
run 10 us
run 10 us
run 10 us
run 50 us
relaunch_sim
run 50 us
close_sim
launch_simulation
source testfixture1.tcl
run 50 us
relaunch_sim
relaunch_sim
run 50 us
relaunch_sim
close_sim
