#-----------------------------------------------------------
# Vivado v2019.1 (64-bit)
# SW Build 2552052 on Fri May 24 14:49:42 MDT 2019
# IP Build 2548770 on Fri May 24 18:01:18 MDT 2019
# Start of session at: Wed Dec  2 11:39:50 2020
# Process ID: 9112
# Current directory: C:/Users/611B/Desktop/1/project_2014
# Command line: vivado.exe -gui_launcher_event rodinguilauncherevent6792 C:\Users\611B\Desktop\1\project_2014\project_2014.xpr
# Log file: C:/Users/611B/Desktop/1/project_2014/vivado.log
# Journal file: C:/Users/611B/Desktop/1/project_2014\vivado.jou
#-----------------------------------------------------------
start_gui
open_project C:/Users/611B/Desktop/1/project_2014/project_2014.xpr
update_compile_order -fileset sources_1
launch_simulation
launch_simulation
launch_simulation
launch_simulation
launch_simulation
source testfixture1.tcl
run 10 us
run 500 us
run 500 us
run 500 us
run 10000 us
close_sim
launch_simulation
source testfixture1.tcl
close_sim
launch_simulation
source testfixture1.tcl
close_sim
launch_simulation
source testfixture1.tcl
close_sim
launch_simulation
source testfixture1.tcl
close_sim
close_project
open_project C:/Users/611B/Desktop/1/project_2014/project_2014.xpr
update_compile_order -fileset sources_1
launch_simulation
source testfixture1.tcl
close_sim
launch_simulation
source testfixture1.tcl
close_sim
launch_simulation
source testfixture1.tcl
close_sim
launch_simulation
source testfixture1.tcl
close_sim
launch_simulation
source testfixture1.tcl
close_sim
launch_simulation
source testfixture1.tcl
close_sim
launch_simulation
source testfixture1.tcl
close_sim
launch_simulation
source testfixture1.tcl
close_sim
launch_simulation
source testfixture1.tcl
close_sim
launch_simulation
source testfixture1.tcl
close_sim
launch_simulation
source testfixture1.tcl
close_sim
launch_simulation
source testfixture1.tcl
close_sim
